objectionary/tests/org/eolang/hamcrest/anything-tests.eo
objectionary/tests/org/eolang/hamcrest/is-substring-tests.eo
objectionary/tests/org/eolang/hamcrest/not-tests.eo
objectionary/tests/org/eolang/hamcrest/failed-output/empty-string-failed-output.eo
objectionary/tests/org/eolang/hamcrest/failed-output/not-failed-output.eo
objectionary/tests/org/eolang/hamcrest/failed-output/string-starts-with-failed-output.eo
objectionary/tests/org/eolang/hamcrest/failed-output/arrays-matchers-failed-output.eo
objectionary/tests/org/eolang/hamcrest/failed-output/less-than-failed-output.eo
objectionary/tests/org/eolang/hamcrest/failed-output/anything-failed-output.eo
objectionary/tests/org/eolang/hamcrest/failed-output/all-of-failed-output.eo
objectionary/tests/org/eolang/hamcrest/failed-output/equal-to-failed-output.eo
objectionary/tests/org/eolang/hamcrest/failed-output/string-ends-with-failed-output.eo
objectionary/tests/org/eolang/hamcrest/failed-output/matches-regex-failed-output.eo
objectionary/tests/org/eolang/hamcrest/failed-output/is-failed-output.eo
objectionary/tests/org/eolang/hamcrest/failed-output/is-substring-failed-output.eo
objectionary/tests/org/eolang/hamcrest/failed-output/blank-string-failed-output.eo
objectionary/tests/org/eolang/hamcrest/failed-output/close-to-failed-output.eo
objectionary/tests/org/eolang/hamcrest/failed-output/any-of-failed-output.eo
objectionary/tests/org/eolang/hamcrest/failed-output/greater-than-failed-output.eo
objectionary/tests/org/eolang/hamcrest/failed-output/contains-string-failed-output.eo
objectionary/tests/org/eolang/hamcrest/failed-output/described-as-failed-output.eo
objectionary/tests/org/eolang/hamcrest/all-of-tests.eo
objectionary/tests/org/eolang/hamcrest/arrays-matchers-tests.eo
objectionary/tests/org/eolang/hamcrest/less-than-tests.eo
objectionary/tests/org/eolang/hamcrest/matches-regex-tests.eo
objectionary/tests/org/eolang/hamcrest/is-tests.eo
objectionary/tests/org/eolang/hamcrest/blank-string-tests.eo
objectionary/tests/org/eolang/hamcrest/greater-than-tests.eo
objectionary/tests/org/eolang/hamcrest/equal-to-tests.eo
objectionary/tests/org/eolang/hamcrest/described-as-tests.eo
objectionary/tests/org/eolang/hamcrest/close-to-tests.eo
objectionary/tests/org/eolang/hamcrest/string-starts-with-tests.eo
objectionary/tests/org/eolang/hamcrest/contains-string-tests.eo
objectionary/tests/org/eolang/hamcrest/any-of-tests.eo
objectionary/tests/org/eolang/hamcrest/empty-string-tests.eo
objectionary/tests/org/eolang/hamcrest/string-ends-with-tests.eo
objectionary/objects/org/eolang/hamcrest/assert-twice-that.eo
objectionary/objects/org/eolang/hamcrest/assert-that.eo
objectionary/objects/org/eolang/hamcrest/matchers/is-matcher.eo
objectionary/objects/org/eolang/hamcrest/matchers/all-of-matcher.eo
objectionary/objects/org/eolang/hamcrest/matchers/described-as-matcher.eo
objectionary/objects/org/eolang/hamcrest/matchers/string-ends-with-matcher.eo
objectionary/objects/org/eolang/hamcrest/matchers/any-of-matcher.eo
objectionary/objects/org/eolang/hamcrest/matchers/empty-string-matcher.eo
objectionary/objects/org/eolang/hamcrest/matchers/matches-regex-matcher.eo
objectionary/objects/org/eolang/hamcrest/matchers/contains-string-matcher.eo
objectionary/objects/org/eolang/hamcrest/matchers/has-item-matcher.eo
objectionary/objects/org/eolang/hamcrest/matchers/equal-to-matcher.eo
objectionary/objects/org/eolang/hamcrest/matchers/not-matcher.eo
objectionary/objects/org/eolang/hamcrest/matchers/less-than-matcher.eo
objectionary/objects/org/eolang/hamcrest/matchers/greater-than-matcher.eo
objectionary/objects/org/eolang/hamcrest/matchers/close-to-matcher.eo
objectionary/objects/org/eolang/hamcrest/matchers/string-starts-with-matcher.eo
objectionary/objects/org/eolang/hamcrest/matchers/is-substring-matcher.eo
objectionary/objects/org/eolang/hamcrest/matchers/anything-matcher.eo
objectionary/objects/org/eolang/hamcrest/matchers/has-items-matcher.eo
objectionary/objects/org/eolang/hamcrest/matchers/blank-string-matcher.eo
objectionary/objects/org/eolang/hamcrest/matchers/array-each-matcher.eo
